../Core/Src/maincode.c:29:6:userRTOS	16	static
../Core/Src/maincode.c:54:6:vDisplayManager	24	static
../Core/Src/maincode.c:84:6:vTaskGenerateCurrentQueue	40	static
../Core/Src/maincode.c:107:6:vTaskGenerateAngularVelQueue	40	static
../Core/Src/maincode.c:130:6:vTaskGeneratePositionQueue	40	static
../Core/Src/maincode.c:153:6:vTaskQueueCurrentReader	48	static
../Core/Src/maincode.c:170:6:vTaskQueueAngularVelReader	120	static
../Core/Src/maincode.c:213:6:vTaskQueuePositionReader	48	static
../Core/Src/maincode.c:240:6:initialize	8	static
../Core/Src/maincode.c:246:6:funcBaseScreen1	16	static
../Core/Src/maincode.c:251:6:funcBaseScreen2	16	static
../Core/Src/maincode.c:256:6:funcBaseScreen3	16	static
../Core/Src/maincode.c:261:6:baseScreen	16	static
../Core/Src/maincode.c:280:6:funcDataScreen1	80	static
../Core/Src/maincode.c:306:6:funcDataScreen2	80	static
../Core/Src/maincode.c:332:6:funcDataScreen3	64	static
../Core/Src/maincode.c:351:6:dataScreen	16	static
