../Core/Src/maincode.c:29:6:userRTOS	16	static
../Core/Src/maincode.c:54:6:vDisplayManager	24	static
../Core/Src/maincode.c:84:6:vTaskGerarQueueCorrente	40	static
../Core/Src/maincode.c:107:6:vTaskGerarQueueVelAngular	40	static
../Core/Src/maincode.c:130:6:vTaskGerarQueuePosicao	40	static
../Core/Src/maincode.c:153:6:vTaskQueueCorrenteReader	48	static
../Core/Src/maincode.c:170:6:vTaskQueueVelAngularReader	120	static
../Core/Src/maincode.c:213:6:vTaskQueuePosicaoReader	48	static
../Core/Src/maincode.c:232:6:inicializar	8	static
../Core/Src/maincode.c:239:6:funcScaleXGraph	64	static
../Core/Src/maincode.c:251:6:funcBaseTela1	16	static
../Core/Src/maincode.c:260:6:funcBaseTela2	16	static
../Core/Src/maincode.c:269:6:funcBaseTela3	16	static
../Core/Src/maincode.c:277:6:baseTela	24	static
../Core/Src/maincode.c:296:6:funcDadosTela1	80	static
../Core/Src/maincode.c:324:6:funcDadosTela2	80	static
../Core/Src/maincode.c:351:6:funcDadosTela3	64	static
../Core/Src/maincode.c:370:6:dadosTela	16	static
