../Core/Src/maincode.c:52:6:userRTOS	24	static
../Core/Src/maincode.c:115:6:HAL_GPIO_EXTI_Callback	24	static,ignoring_inline_asm
../Core/Src/maincode.c:138:6:vDisplayManager	24	static
../Core/Src/maincode.c:165:6:vTaskGenerateCurrentQueue	40	static
../Core/Src/maincode.c:189:6:vTaskGenerateAngularVelQueue	40	static
../Core/Src/maincode.c:213:6:vTaskGeneratePositionQueue	40	static
../Core/Src/maincode.c:237:6:vTaskQueueCurrentReader	48	static
../Core/Src/maincode.c:255:6:vTaskQueueAngularVelReader	120	static
../Core/Src/maincode.c:299:6:vTaskQueuePositionReader	48	static
../Core/Src/maincode.c:327:6:initialize	8	static
../Core/Src/maincode.c:333:6:funcBaseScreen1	16	static
../Core/Src/maincode.c:338:6:funcBaseScreen2	16	static
../Core/Src/maincode.c:343:6:funcBaseScreen3	16	static
../Core/Src/maincode.c:348:6:baseScreen	16	static
../Core/Src/maincode.c:367:6:funcDataScreen1	112	static
../Core/Src/maincode.c:395:6:funcDataScreen2	112	static
../Core/Src/maincode.c:423:6:funcDataScreen3	80	static
../Core/Src/maincode.c:444:6:dataScreen	16	static
../Core/Src/maincode.c:461:12:parseSimDataLine	32	static
../Core/Src/maincode.c:499:19:sendLatestDatasetToQueue	16	static
../Core/Src/maincode.c:521:13:sendSimDataToQueue	40	static
../Core/Src/maincode.c:570:6:vTaskSimCommandReader	152	static
../Core/Src/maincode.c:655:6:vTaskTimingMonitor	80	static
