../Core/Src/maincode.c:40:6:userRTOS	24	static
../Core/Src/maincode.c:100:6:HAL_GPIO_EXTI_Callback	24	static,ignoring_inline_asm
../Core/Src/maincode.c:123:6:vDisplayManager	24	static
../Core/Src/maincode.c:148:6:vTaskGenerateCurrentQueue	40	static
../Core/Src/maincode.c:171:6:vTaskGenerateAngularVelQueue	40	static
../Core/Src/maincode.c:194:6:vTaskGeneratePositionQueue	40	static
../Core/Src/maincode.c:217:6:vTaskQueueCurrentReader	48	static
../Core/Src/maincode.c:234:6:vTaskQueueAngularVelReader	120	static
../Core/Src/maincode.c:277:6:vTaskQueuePositionReader	48	static
../Core/Src/maincode.c:304:6:initialize	8	static
../Core/Src/maincode.c:310:6:funcBaseScreen1	16	static
../Core/Src/maincode.c:315:6:funcBaseScreen2	16	static
../Core/Src/maincode.c:320:6:funcBaseScreen3	16	static
../Core/Src/maincode.c:325:6:baseScreen	16	static
../Core/Src/maincode.c:344:6:funcDataScreen1	112	static
../Core/Src/maincode.c:372:6:funcDataScreen2	112	static
../Core/Src/maincode.c:400:6:funcDataScreen3	80	static
../Core/Src/maincode.c:421:6:dataScreen	16	static
../Core/Src/maincode.c:438:12:parseSimDataLine	32	static
../Core/Src/maincode.c:476:19:sendLatestDatasetToQueue	16	static
../Core/Src/maincode.c:498:13:sendSimDataToQueue	40	static
../Core/Src/maincode.c:547:6:vTaskSimCommandReader	152	static
