../Core/Src/ssd1306.c:16:13:SSD1306_WriteCommand	32	static
../Core/Src/ssd1306.c:37:13:SSD1306_WriteData	40	static
../Core/Src/ssd1306.c:62:6:SSD1306_Init	8	static
../Core/Src/ssd1306.c:99:6:SSD1306_UpdateScreen	8	static
../Core/Src/ssd1306.c:113:6:SSD1306_Fill	16	static
../Core/Src/ssd1306.c:118:6:SSD1306_DrawPixel	16	static
../Core/Src/ssd1306.c:132:6:SSD1306_FillRectangle	32	static
../Core/Src/ssd1306.c:143:6:SSD1306_DrawHLine	32	static
../Core/Src/ssd1306.c:151:6:SSD1306_DrawVLine	32	static
../Core/Src/ssd1306.c:163:6:SSD1306_DrawChar	64	static
../Core/Src/ssd1306.c:191:6:SSD1306_DrawText	48	static
