../Core/Src/ssd1306.c:9:13:SSD1306_WriteCommand	32	static
../Core/Src/ssd1306.c:15:13:SSD1306_WriteData	32	static
../Core/Src/ssd1306.c:23:6:SSD1306_Init	8	static
../Core/Src/ssd1306.c:60:6:SSD1306_UpdateScreen	8	static
../Core/Src/ssd1306.c:74:6:SSD1306_Fill	16	static
../Core/Src/ssd1306.c:79:6:SSD1306_DrawPixel	16	static
../Core/Src/ssd1306.c:93:6:SSD1306_FillRectangle	32	static
../Core/Src/ssd1306.c:104:6:SSD1306_DrawHLine	32	static
../Core/Src/ssd1306.c:112:6:SSD1306_DrawVLine	32	static
../Core/Src/ssd1306.c:124:6:SSD1306_DrawChar	64	static
../Core/Src/ssd1306.c:152:6:SSD1306_DrawText	48	static
